// Jest Snapshot v1, https://goo.gl/fbAQLP

exports[`should render NotFoundPage correctly 1`] = `
<div>
  This is a 404! 
  <Link
    replace={false}
    to="/"
  >
    Go home
  </Link>
</div>
`;
